// Jest Snapshot v1, https://goo.gl/fbAQLP

exports[`View: Alignment Renders 1`] = `
<Alignment
  className="foo"
>
  <Alignment.Left
    className=""
  >
    left
  </Alignment.Left>
  <Alignment.Center
    className="fee"
  >
    center with className
  </Alignment.Center>
  <Alignment.Right
    className=""
  >
    right
  </Alignment.Right>
</Alignment>
`;
